// Jest Snapshot v1, https://goo.gl/fbAQLP

exports[`renders demo correctly 1`] = `
<div>
  <div>
    <van-address-list list="[object Object],[object Object]" disabled-list="[object Object]" disabled-text="以下地址超出配送范围" default-tag-text="默认"></van-address-list>
  </div>
</div>
`;
