// Jest Snapshot v1, https://goo.gl/fbAQLP

exports[`renders demo correctly 1`] = `
<div>
  <van-cell center="" title="基础用法">
    <van-stepper value=""></van-stepper>
  </van-cell>
  <van-cell center="" title="基础用法">
    <van-stepper></van-stepper>
  </van-cell>
  <van-cell center="" title="步长设置">
    <van-stepper step="2"></van-stepper>
  </van-cell>
  <van-cell center="" title="限制输入范围">
    <van-stepper min="5" max="8"></van-stepper>
  </van-cell>
  <van-cell center="" title="限制输入整数">
    <van-stepper integer=""></van-stepper>
  </van-cell>
  <van-cell center="" title="禁用状态">
    <van-stepper disabled=""></van-stepper>
  </van-cell>
  <van-cell center="" title="禁用输入框">
    <van-stepper disable-input=""></van-stepper>
  </van-cell>
  <van-cell center="" title="固定小数位数">
    <van-stepper decimal-length="1" step="0.2"></van-stepper>
  </van-cell>
  <van-cell center="" title="自定义大小">
    <van-stepper button-size="32px" input-width="40px"></van-stepper>
  </van-cell>
  <van-cell center="" title="异步变更">
    <van-stepper value="1" async-change=""></van-stepper>
  </van-cell>
  <van-cell center="" title="圆角风格">
    <van-stepper theme="round" button-size="22" disable-input=""></van-stepper>
  </van-cell>
</div>
`;
