// Jest Snapshot v1, https://goo.gl/fbAQLP

exports[`renders demo correctly 1`] = `
<div>
  <van-sidebar>
    <van-sidebar-item title="标签名" destination="/a/zh-CN/sidebar"></van-sidebar-item>
    <van-sidebar-item title="标签名"></van-sidebar-item>
    <van-sidebar-item title="标签名"></van-sidebar-item>
  </van-sidebar>
  <van-sidebar value="1">
    <van-sidebar-item value="1" title="标签名"></van-sidebar-item>
    <van-sidebar-item value="2" title="标签名"></van-sidebar-item>
    <van-sidebar-item value="3" title="标签名"></van-sidebar-item>
  </van-sidebar>
  <van-grid column-num="2">
    <van-grid-item>
      <h3 class="demo-sidebar-title">基础用法</h3>
      <van-sidebar>
        <van-sidebar-item title="标签名"></van-sidebar-item>
        <van-sidebar-item title="标签名"></van-sidebar-item>
        <van-sidebar-item title="标签名"></van-sidebar-item>
      </van-sidebar>
    </van-grid-item>
    <van-grid-item>
      <h3 class="demo-sidebar-title">徽标提示</h3>
      <van-sidebar>
        <van-sidebar-item title="标签名" dot=""></van-sidebar-item>
        <van-sidebar-item title="标签名" badge="5"></van-sidebar-item>
        <van-sidebar-item title="标签名" badge="99+"></van-sidebar-item>
      </van-sidebar>
    </van-grid-item>
    <van-grid-item>
      <h3 class="demo-sidebar-title">禁用选项</h3>
      <van-sidebar>
        <van-sidebar-item title="标签名"></van-sidebar-item>
        <van-sidebar-item title="标签名" disabled=""></van-sidebar-item>
        <van-sidebar-item title="标签名"></van-sidebar-item>
      </van-sidebar>
    </van-grid-item>
    <van-grid-item>
      <h3 class="demo-sidebar-title">监听切换事件</h3>
      <van-sidebar>
        <van-sidebar-item title="标签名1"></van-sidebar-item>
        <van-sidebar-item title="标签名2"></van-sidebar-item>
        <van-sidebar-item title="标签名3"></van-sidebar-item>
      </van-sidebar>
    </van-grid-item>
  </van-grid>
</div>
`;
