// Jest Snapshot v1, https://goo.gl/fbAQLP

exports[`renders demo correctly 1`] = `
<div>
  <div>
    <div class="van-loading van-loading--circular">
      <span class="van-loading__spinner van-loading__spinner--circular van-loading">
        <i class="van-iconv">
          <svg aria-hidden="true" class="vant-iconv-svg van-shoud-pa">
            <use class="van-shoud-pa" xlink:href="#h5-qrcode" />
          </svg>
          <div class="van-iconv__slot"></div>
        </i>
      </span>
    </div>
    <div class="van-loading van-loading--spinner">
      <span class="van-loading__spinner van-loading__spinner--spinner van-loading van-loading--iconRotate">
        <i></i>
        <i></i>
        <i></i>
        <i></i>
        <i></i>
        <i></i>
        <i></i>
        <i></i>
        <i></i>
        <i></i>
        <i></i>
        <i></i>
      </span>
    </div>
  </div>
  <div>
    <div class="van-loading van-loading--circular">
      <span class="van-loading__spinner van-loading__spinner--circular van-loading van-loading--iconRotate" style="color: rgb(25, 137, 250);">
        <i class="van-iconv">
          <svg aria-hidden="true" class="vant-iconv-svg van-shoud-pa">
            <use class="van-shoud-pa" xlink:href="#h5-default" />
          </svg>
          <div class="van-iconv__slot"></div>
        </i>
      </span>
    </div>
    <div class="van-loading van-loading--spinner">
      <span class="van-loading__spinner van-loading__spinner--spinner van-loading van-loading--iconRotate" style="color: rgb(25, 137, 250);">
        <i></i>
        <i></i>
        <i></i>
        <i></i>
        <i></i>
        <i></i>
        <i></i>
        <i></i>
        <i></i>
        <i></i>
        <i></i>
        <i></i>
      </span>
    </div>
  </div>
  <div>
    <div class="van-loading van-loading--circular">
      <span class="van-loading__spinner van-loading__spinner--circular van-loading van-loading--iconRotate" style="width: 24px; height: 24px;">
        <i class="van-iconv">
          <svg aria-hidden="true" class="vant-iconv-svg van-shoud-pa">
            <use class="van-shoud-pa" xlink:href="#h5-default" />
          </svg>
          <div class="van-iconv__slot"></div>
        </i>
      </span>
    </div>
    <div class="van-loading van-loading--spinner">
      <span class="van-loading__spinner van-loading__spinner--spinner van-loading van-loading--iconRotate" style="width: 24px; height: 24px;">
        <i></i>
        <i></i>
        <i></i>
        <i></i>
        <i></i>
        <i></i>
        <i></i>
        <i></i>
        <i></i>
        <i></i>
        <i></i>
        <i></i>
      </span>
    </div>
  </div>
  <div>
    <div class="van-loading van-loading--circular">
      <span class="van-loading__spinner van-loading__spinner--circular van-loading van-loading--iconRotate" style="width: 24px; height: 24px;">
        <i class="van-iconv">
          <svg aria-hidden="true" class="vant-iconv-svg van-shoud-pa">
            <use class="van-shoud-pa" xlink:href="#h5-default" />
          </svg>
          <div class="van-iconv__slot"></div>
        </i>
      </span>
      <span class="van-loading__text">
        加载中...
      </span>
    </div>
  </div>
  <div>
    <div class="van-loading van-loading--circular van-loading--vertical">
      <span class="van-loading__spinner van-loading__spinner--circular van-loading van-loading--iconRotate" style="width: 24px; height: 24px;">
        <i class="van-iconv">
          <svg aria-hidden="true" class="vant-iconv-svg van-shoud-pa">
            <use class="van-shoud-pa" xlink:href="#h5-default" />
          </svg>
          <div class="van-iconv__slot"></div>
        </i>
      </span>
      <span class="van-loading__text">
        加载中...
      </span>
    </div>
  </div>
  <div>
    <div class="van-loading van-loading--circular van-loading--vertical">
      <span class="van-loading__spinner van-loading__spinner--circular van-loading van-loading--iconRotate" style="color: rgb(0, 148, 255); width: 24px; height: 24px;">
        <i class="van-iconv">
          <svg aria-hidden="true" class="vant-iconv-svg van-shoud-pa">
            <use class="van-shoud-pa" xlink:href="#h5-default" />
          </svg>
          <div class="van-iconv__slot"></div>
        </i>
      </span>
      <span class="van-loading__text" style="color: rgb(0, 148, 255);">
        加载中...
      </span>
    </div>
    <div class="van-loading van-loading--circular van-loading--vertical">
      <span class="van-loading__spinner van-loading__spinner--circular van-loading van-loading--iconRotate" style="width: 24px; height: 24px;">
        <i class="van-iconv">
          <svg aria-hidden="true" class="vant-iconv-svg van-shoud-pa">
            <use class="van-shoud-pa" xlink:href="#h5-default" />
          </svg>
          <div class="van-iconv__slot"></div>
        </i>
      </span>
      <span class="van-loading__text" style="color: rgb(0, 148, 255);">
        加载中...
      </span>
    </div>
  </div>
</div>
`;
