// Jest Snapshot v1, https://goo.gl/fbAQLP

exports[`renders demo correctly 1`] = `
<div>
  <div class="van-tabs van-tabs--line">
    <div class="van-tabs__wrap">
      <div class="van-tabs__nav van-tabs__nav--line" role="tablist">
        <div aria-selected="true" class="van-tab van-tab--active" role="tab" undefined vusion-slot-name="title">
          <span class="van-tab__text van-tab__text--ellipsis" vusion-slot-name-edit="title">基础用法</span>
        </div>
        <div class="van-tab" role="tab" undefined vusion-slot-name="title">
          <span class="van-tab__text van-tab__text--ellipsis" vusion-slot-name-edit="title">自定义索引列表</span>
        </div>
        <div class="van-tabs__line" style="transform: translateX(0px) translateX(-50%);"></div>
      </div>
    </div>
    <div class="van-tabs__content">
      <div class="van-tab__pane" role="tabpanel" style vusion-slot-name="default">
        <div class="van-index-bar">
          <div class="van-index-bar__sidebar">
            <span class="van-index-bar__index" data-index="A">A</span>
            <span class="van-index-bar__index" data-index="B">B</span>
            <span class="van-index-bar__index" data-index="C">C</span>
            <span class="van-index-bar__index" data-index="D">D</span>
            <span class="van-index-bar__index" data-index="E">E</span>
            <span class="van-index-bar__index" data-index="F">F</span>
            <span class="van-index-bar__index" data-index="G">G</span>
            <span class="van-index-bar__index" data-index="H">H</span>
            <span class="van-index-bar__index" data-index="I">I</span>
            <span class="van-index-bar__index" data-index="J">J</span>
            <span class="van-index-bar__index" data-index="K">K</span>
            <span class="van-index-bar__index" data-index="L">L</span>
            <span class="van-index-bar__index" data-index="M">M</span>
            <span class="van-index-bar__index" data-index="N">N</span>
            <span class="van-index-bar__index" data-index="O">O</span>
            <span class="van-index-bar__index" data-index="P">P</span>
            <span class="van-index-bar__index" data-index="Q">Q</span>
            <span class="van-index-bar__index" data-index="R">R</span>
            <span class="van-index-bar__index" data-index="S">S</span>
            <span class="van-index-bar__index" data-index="T">T</span>
            <span class="van-index-bar__index" data-index="U">U</span>
            <span class="van-index-bar__index" data-index="V">V</span>
            <span class="van-index-bar__index" data-index="W">W</span>
            <span class="van-index-bar__index" data-index="X">X</span>
            <span class="van-index-bar__index" data-index="Y">Y</span>
            <span class="van-index-bar__index" data-index="Z">Z</span>
          </div>
          <div>
            <div>
              <div class="van-index-anchor">A</div>
            </div>
            <div class="van-cell van-cell--clickable van-cell--center" noallow role="button" tabindex="0">
              <div class="van-cell__title" vusion-slot-name="title" vusion-slot-name-edit="title">文本</div>
              <i class="van-icon van-icon-arrow van-cell__right-icon"></i>
            </div>
            <div class="van-cell van-cell--clickable van-cell--center" noallow role="button" tabindex="0">
              <div class="van-cell__title" vusion-slot-name="title" vusion-slot-name-edit="title">文本</div>
              <i class="van-icon van-icon-arrow van-cell__right-icon"></i>
            </div>
            <div class="van-cell van-cell--clickable van-cell--center" noallow role="button" tabindex="0">
              <div class="van-cell__title" vusion-slot-name="title" vusion-slot-name-edit="title">文本</div>
              <i class="van-icon van-icon-arrow van-cell__right-icon"></i>
            </div>
          </div>
          <div>
            <div>
              <div class="van-index-anchor">B</div>
            </div>
            <div class="van-cell van-cell--clickable van-cell--center" noallow role="button" tabindex="0">
              <div class="van-cell__title" vusion-slot-name="title" vusion-slot-name-edit="title">文本</div>
              <i class="van-icon van-icon-arrow van-cell__right-icon"></i>
            </div>
            <div class="van-cell van-cell--clickable van-cell--center" noallow role="button" tabindex="0">
              <div class="van-cell__title" vusion-slot-name="title" vusion-slot-name-edit="title">文本</div>
              <i class="van-icon van-icon-arrow van-cell__right-icon"></i>
            </div>
            <div class="van-cell van-cell--clickable van-cell--center" noallow role="button" tabindex="0">
              <div class="van-cell__title" vusion-slot-name="title" vusion-slot-name-edit="title">文本</div>
              <i class="van-icon van-icon-arrow van-cell__right-icon"></i>
            </div>
          </div>
          <div>
            <div>
              <div class="van-index-anchor">C</div>
            </div>
            <div class="van-cell van-cell--clickable van-cell--center" noallow role="button" tabindex="0">
              <div class="van-cell__title" vusion-slot-name="title" vusion-slot-name-edit="title">文本</div>
              <i class="van-icon van-icon-arrow van-cell__right-icon"></i>
            </div>
            <div class="van-cell van-cell--clickable van-cell--center" noallow role="button" tabindex="0">
              <div class="van-cell__title" vusion-slot-name="title" vusion-slot-name-edit="title">文本</div>
              <i class="van-icon van-icon-arrow van-cell__right-icon"></i>
            </div>
            <div class="van-cell van-cell--clickable van-cell--center" noallow role="button" tabindex="0">
              <div class="van-cell__title" vusion-slot-name="title" vusion-slot-name-edit="title">文本</div>
              <i class="van-icon van-icon-arrow van-cell__right-icon"></i>
            </div>
          </div>
          <div>
            <div>
              <div class="van-index-anchor">D</div>
            </div>
            <div class="van-cell van-cell--clickable van-cell--center" noallow role="button" tabindex="0">
              <div class="van-cell__title" vusion-slot-name="title" vusion-slot-name-edit="title">文本</div>
              <i class="van-icon van-icon-arrow van-cell__right-icon"></i>
            </div>
            <div class="van-cell van-cell--clickable van-cell--center" noallow role="button" tabindex="0">
              <div class="van-cell__title" vusion-slot-name="title" vusion-slot-name-edit="title">文本</div>
              <i class="van-icon van-icon-arrow van-cell__right-icon"></i>
            </div>
            <div class="van-cell van-cell--clickable van-cell--center" noallow role="button" tabindex="0">
              <div class="van-cell__title" vusion-slot-name="title" vusion-slot-name-edit="title">文本</div>
              <i class="van-icon van-icon-arrow van-cell__right-icon"></i>
            </div>
          </div>
          <div>
            <div>
              <div class="van-index-anchor">E</div>
            </div>
            <div class="van-cell van-cell--clickable van-cell--center" noallow role="button" tabindex="0">
              <div class="van-cell__title" vusion-slot-name="title" vusion-slot-name-edit="title">文本</div>
              <i class="van-icon van-icon-arrow van-cell__right-icon"></i>
            </div>
            <div class="van-cell van-cell--clickable van-cell--center" noallow role="button" tabindex="0">
              <div class="van-cell__title" vusion-slot-name="title" vusion-slot-name-edit="title">文本</div>
              <i class="van-icon van-icon-arrow van-cell__right-icon"></i>
            </div>
            <div class="van-cell van-cell--clickable van-cell--center" noallow role="button" tabindex="0">
              <div class="van-cell__title" vusion-slot-name="title" vusion-slot-name-edit="title">文本</div>
              <i class="van-icon van-icon-arrow van-cell__right-icon"></i>
            </div>
          </div>
          <div>
            <div>
              <div class="van-index-anchor">F</div>
            </div>
            <div class="van-cell van-cell--clickable van-cell--center" noallow role="button" tabindex="0">
              <div class="van-cell__title" vusion-slot-name="title" vusion-slot-name-edit="title">文本</div>
              <i class="van-icon van-icon-arrow van-cell__right-icon"></i>
            </div>
            <div class="van-cell van-cell--clickable van-cell--center" noallow role="button" tabindex="0">
              <div class="van-cell__title" vusion-slot-name="title" vusion-slot-name-edit="title">文本</div>
              <i class="van-icon van-icon-arrow van-cell__right-icon"></i>
            </div>
            <div class="van-cell van-cell--clickable van-cell--center" noallow role="button" tabindex="0">
              <div class="van-cell__title" vusion-slot-name="title" vusion-slot-name-edit="title">文本</div>
              <i class="van-icon van-icon-arrow van-cell__right-icon"></i>
            </div>
          </div>
          <div>
            <div>
              <div class="van-index-anchor">G</div>
            </div>
            <div class="van-cell van-cell--clickable van-cell--center" noallow role="button" tabindex="0">
              <div class="van-cell__title" vusion-slot-name="title" vusion-slot-name-edit="title">文本</div>
              <i class="van-icon van-icon-arrow van-cell__right-icon"></i>
            </div>
            <div class="van-cell van-cell--clickable van-cell--center" noallow role="button" tabindex="0">
              <div class="van-cell__title" vusion-slot-name="title" vusion-slot-name-edit="title">文本</div>
              <i class="van-icon van-icon-arrow van-cell__right-icon"></i>
            </div>
            <div class="van-cell van-cell--clickable van-cell--center" noallow role="button" tabindex="0">
              <div class="van-cell__title" vusion-slot-name="title" vusion-slot-name-edit="title">文本</div>
              <i class="van-icon van-icon-arrow van-cell__right-icon"></i>
            </div>
          </div>
          <div>
            <div>
              <div class="van-index-anchor">H</div>
            </div>
            <div class="van-cell van-cell--clickable van-cell--center" noallow role="button" tabindex="0">
              <div class="van-cell__title" vusion-slot-name="title" vusion-slot-name-edit="title">文本</div>
              <i class="van-icon van-icon-arrow van-cell__right-icon"></i>
            </div>
            <div class="van-cell van-cell--clickable van-cell--center" noallow role="button" tabindex="0">
              <div class="van-cell__title" vusion-slot-name="title" vusion-slot-name-edit="title">文本</div>
              <i class="van-icon van-icon-arrow van-cell__right-icon"></i>
            </div>
            <div class="van-cell van-cell--clickable van-cell--center" noallow role="button" tabindex="0">
              <div class="van-cell__title" vusion-slot-name="title" vusion-slot-name-edit="title">文本</div>
              <i class="van-icon van-icon-arrow van-cell__right-icon"></i>
            </div>
          </div>
          <div>
            <div>
              <div class="van-index-anchor">I</div>
            </div>
            <div class="van-cell van-cell--clickable van-cell--center" noallow role="button" tabindex="0">
              <div class="van-cell__title" vusion-slot-name="title" vusion-slot-name-edit="title">文本</div>
              <i class="van-icon van-icon-arrow van-cell__right-icon"></i>
            </div>
            <div class="van-cell van-cell--clickable van-cell--center" noallow role="button" tabindex="0">
              <div class="van-cell__title" vusion-slot-name="title" vusion-slot-name-edit="title">文本</div>
              <i class="van-icon van-icon-arrow van-cell__right-icon"></i>
            </div>
            <div class="van-cell van-cell--clickable van-cell--center" noallow role="button" tabindex="0">
              <div class="van-cell__title" vusion-slot-name="title" vusion-slot-name-edit="title">文本</div>
              <i class="van-icon van-icon-arrow van-cell__right-icon"></i>
            </div>
          </div>
          <div>
            <div>
              <div class="van-index-anchor">J</div>
            </div>
            <div class="van-cell van-cell--clickable van-cell--center" noallow role="button" tabindex="0">
              <div class="van-cell__title" vusion-slot-name="title" vusion-slot-name-edit="title">文本</div>
              <i class="van-icon van-icon-arrow van-cell__right-icon"></i>
            </div>
            <div class="van-cell van-cell--clickable van-cell--center" noallow role="button" tabindex="0">
              <div class="van-cell__title" vusion-slot-name="title" vusion-slot-name-edit="title">文本</div>
              <i class="van-icon van-icon-arrow van-cell__right-icon"></i>
            </div>
            <div class="van-cell van-cell--clickable van-cell--center" noallow role="button" tabindex="0">
              <div class="van-cell__title" vusion-slot-name="title" vusion-slot-name-edit="title">文本</div>
              <i class="van-icon van-icon-arrow van-cell__right-icon"></i>
            </div>
          </div>
          <div>
            <div>
              <div class="van-index-anchor">K</div>
            </div>
            <div class="van-cell van-cell--clickable van-cell--center" noallow role="button" tabindex="0">
              <div class="van-cell__title" vusion-slot-name="title" vusion-slot-name-edit="title">文本</div>
              <i class="van-icon van-icon-arrow van-cell__right-icon"></i>
            </div>
            <div class="van-cell van-cell--clickable van-cell--center" noallow role="button" tabindex="0">
              <div class="van-cell__title" vusion-slot-name="title" vusion-slot-name-edit="title">文本</div>
              <i class="van-icon van-icon-arrow van-cell__right-icon"></i>
            </div>
            <div class="van-cell van-cell--clickable van-cell--center" noallow role="button" tabindex="0">
              <div class="van-cell__title" vusion-slot-name="title" vusion-slot-name-edit="title">文本</div>
              <i class="van-icon van-icon-arrow van-cell__right-icon"></i>
            </div>
          </div>
          <div>
            <div>
              <div class="van-index-anchor">L</div>
            </div>
            <div class="van-cell van-cell--clickable van-cell--center" noallow role="button" tabindex="0">
              <div class="van-cell__title" vusion-slot-name="title" vusion-slot-name-edit="title">文本</div>
              <i class="van-icon van-icon-arrow van-cell__right-icon"></i>
            </div>
            <div class="van-cell van-cell--clickable van-cell--center" noallow role="button" tabindex="0">
              <div class="van-cell__title" vusion-slot-name="title" vusion-slot-name-edit="title">文本</div>
              <i class="van-icon van-icon-arrow van-cell__right-icon"></i>
            </div>
            <div class="van-cell van-cell--clickable van-cell--center" noallow role="button" tabindex="0">
              <div class="van-cell__title" vusion-slot-name="title" vusion-slot-name-edit="title">文本</div>
              <i class="van-icon van-icon-arrow van-cell__right-icon"></i>
            </div>
          </div>
          <div>
            <div>
              <div class="van-index-anchor">M</div>
            </div>
            <div class="van-cell van-cell--clickable van-cell--center" noallow role="button" tabindex="0">
              <div class="van-cell__title" vusion-slot-name="title" vusion-slot-name-edit="title">文本</div>
              <i class="van-icon van-icon-arrow van-cell__right-icon"></i>
            </div>
            <div class="van-cell van-cell--clickable van-cell--center" noallow role="button" tabindex="0">
              <div class="van-cell__title" vusion-slot-name="title" vusion-slot-name-edit="title">文本</div>
              <i class="van-icon van-icon-arrow van-cell__right-icon"></i>
            </div>
            <div class="van-cell van-cell--clickable van-cell--center" noallow role="button" tabindex="0">
              <div class="van-cell__title" vusion-slot-name="title" vusion-slot-name-edit="title">文本</div>
              <i class="van-icon van-icon-arrow van-cell__right-icon"></i>
            </div>
          </div>
          <div>
            <div>
              <div class="van-index-anchor">N</div>
            </div>
            <div class="van-cell van-cell--clickable van-cell--center" noallow role="button" tabindex="0">
              <div class="van-cell__title" vusion-slot-name="title" vusion-slot-name-edit="title">文本</div>
              <i class="van-icon van-icon-arrow van-cell__right-icon"></i>
            </div>
            <div class="van-cell van-cell--clickable van-cell--center" noallow role="button" tabindex="0">
              <div class="van-cell__title" vusion-slot-name="title" vusion-slot-name-edit="title">文本</div>
              <i class="van-icon van-icon-arrow van-cell__right-icon"></i>
            </div>
            <div class="van-cell van-cell--clickable van-cell--center" noallow role="button" tabindex="0">
              <div class="van-cell__title" vusion-slot-name="title" vusion-slot-name-edit="title">文本</div>
              <i class="van-icon van-icon-arrow van-cell__right-icon"></i>
            </div>
          </div>
          <div>
            <div>
              <div class="van-index-anchor">O</div>
            </div>
            <div class="van-cell van-cell--clickable van-cell--center" noallow role="button" tabindex="0">
              <div class="van-cell__title" vusion-slot-name="title" vusion-slot-name-edit="title">文本</div>
              <i class="van-icon van-icon-arrow van-cell__right-icon"></i>
            </div>
            <div class="van-cell van-cell--clickable van-cell--center" noallow role="button" tabindex="0">
              <div class="van-cell__title" vusion-slot-name="title" vusion-slot-name-edit="title">文本</div>
              <i class="van-icon van-icon-arrow van-cell__right-icon"></i>
            </div>
            <div class="van-cell van-cell--clickable van-cell--center" noallow role="button" tabindex="0">
              <div class="van-cell__title" vusion-slot-name="title" vusion-slot-name-edit="title">文本</div>
              <i class="van-icon van-icon-arrow van-cell__right-icon"></i>
            </div>
          </div>
          <div>
            <div>
              <div class="van-index-anchor">P</div>
            </div>
            <div class="van-cell van-cell--clickable van-cell--center" noallow role="button" tabindex="0">
              <div class="van-cell__title" vusion-slot-name="title" vusion-slot-name-edit="title">文本</div>
              <i class="van-icon van-icon-arrow van-cell__right-icon"></i>
            </div>
            <div class="van-cell van-cell--clickable van-cell--center" noallow role="button" tabindex="0">
              <div class="van-cell__title" vusion-slot-name="title" vusion-slot-name-edit="title">文本</div>
              <i class="van-icon van-icon-arrow van-cell__right-icon"></i>
            </div>
            <div class="van-cell van-cell--clickable van-cell--center" noallow role="button" tabindex="0">
              <div class="van-cell__title" vusion-slot-name="title" vusion-slot-name-edit="title">文本</div>
              <i class="van-icon van-icon-arrow van-cell__right-icon"></i>
            </div>
          </div>
          <div>
            <div>
              <div class="van-index-anchor">Q</div>
            </div>
            <div class="van-cell van-cell--clickable van-cell--center" noallow role="button" tabindex="0">
              <div class="van-cell__title" vusion-slot-name="title" vusion-slot-name-edit="title">文本</div>
              <i class="van-icon van-icon-arrow van-cell__right-icon"></i>
            </div>
            <div class="van-cell van-cell--clickable van-cell--center" noallow role="button" tabindex="0">
              <div class="van-cell__title" vusion-slot-name="title" vusion-slot-name-edit="title">文本</div>
              <i class="van-icon van-icon-arrow van-cell__right-icon"></i>
            </div>
            <div class="van-cell van-cell--clickable van-cell--center" noallow role="button" tabindex="0">
              <div class="van-cell__title" vusion-slot-name="title" vusion-slot-name-edit="title">文本</div>
              <i class="van-icon van-icon-arrow van-cell__right-icon"></i>
            </div>
          </div>
          <div>
            <div>
              <div class="van-index-anchor">R</div>
            </div>
            <div class="van-cell van-cell--clickable van-cell--center" noallow role="button" tabindex="0">
              <div class="van-cell__title" vusion-slot-name="title" vusion-slot-name-edit="title">文本</div>
              <i class="van-icon van-icon-arrow van-cell__right-icon"></i>
            </div>
            <div class="van-cell van-cell--clickable van-cell--center" noallow role="button" tabindex="0">
              <div class="van-cell__title" vusion-slot-name="title" vusion-slot-name-edit="title">文本</div>
              <i class="van-icon van-icon-arrow van-cell__right-icon"></i>
            </div>
            <div class="van-cell van-cell--clickable van-cell--center" noallow role="button" tabindex="0">
              <div class="van-cell__title" vusion-slot-name="title" vusion-slot-name-edit="title">文本</div>
              <i class="van-icon van-icon-arrow van-cell__right-icon"></i>
            </div>
          </div>
          <div>
            <div>
              <div class="van-index-anchor">S</div>
            </div>
            <div class="van-cell van-cell--clickable van-cell--center" noallow role="button" tabindex="0">
              <div class="van-cell__title" vusion-slot-name="title" vusion-slot-name-edit="title">文本</div>
              <i class="van-icon van-icon-arrow van-cell__right-icon"></i>
            </div>
            <div class="van-cell van-cell--clickable van-cell--center" noallow role="button" tabindex="0">
              <div class="van-cell__title" vusion-slot-name="title" vusion-slot-name-edit="title">文本</div>
              <i class="van-icon van-icon-arrow van-cell__right-icon"></i>
            </div>
            <div class="van-cell van-cell--clickable van-cell--center" noallow role="button" tabindex="0">
              <div class="van-cell__title" vusion-slot-name="title" vusion-slot-name-edit="title">文本</div>
              <i class="van-icon van-icon-arrow van-cell__right-icon"></i>
            </div>
          </div>
          <div>
            <div>
              <div class="van-index-anchor">T</div>
            </div>
            <div class="van-cell van-cell--clickable van-cell--center" noallow role="button" tabindex="0">
              <div class="van-cell__title" vusion-slot-name="title" vusion-slot-name-edit="title">文本</div>
              <i class="van-icon van-icon-arrow van-cell__right-icon"></i>
            </div>
            <div class="van-cell van-cell--clickable van-cell--center" noallow role="button" tabindex="0">
              <div class="van-cell__title" vusion-slot-name="title" vusion-slot-name-edit="title">文本</div>
              <i class="van-icon van-icon-arrow van-cell__right-icon"></i>
            </div>
            <div class="van-cell van-cell--clickable van-cell--center" noallow role="button" tabindex="0">
              <div class="van-cell__title" vusion-slot-name="title" vusion-slot-name-edit="title">文本</div>
              <i class="van-icon van-icon-arrow van-cell__right-icon"></i>
            </div>
          </div>
          <div>
            <div>
              <div class="van-index-anchor">U</div>
            </div>
            <div class="van-cell van-cell--clickable van-cell--center" noallow role="button" tabindex="0">
              <div class="van-cell__title" vusion-slot-name="title" vusion-slot-name-edit="title">文本</div>
              <i class="van-icon van-icon-arrow van-cell__right-icon"></i>
            </div>
            <div class="van-cell van-cell--clickable van-cell--center" noallow role="button" tabindex="0">
              <div class="van-cell__title" vusion-slot-name="title" vusion-slot-name-edit="title">文本</div>
              <i class="van-icon van-icon-arrow van-cell__right-icon"></i>
            </div>
            <div class="van-cell van-cell--clickable van-cell--center" noallow role="button" tabindex="0">
              <div class="van-cell__title" vusion-slot-name="title" vusion-slot-name-edit="title">文本</div>
              <i class="van-icon van-icon-arrow van-cell__right-icon"></i>
            </div>
          </div>
          <div>
            <div>
              <div class="van-index-anchor">V</div>
            </div>
            <div class="van-cell van-cell--clickable van-cell--center" noallow role="button" tabindex="0">
              <div class="van-cell__title" vusion-slot-name="title" vusion-slot-name-edit="title">文本</div>
              <i class="van-icon van-icon-arrow van-cell__right-icon"></i>
            </div>
            <div class="van-cell van-cell--clickable van-cell--center" noallow role="button" tabindex="0">
              <div class="van-cell__title" vusion-slot-name="title" vusion-slot-name-edit="title">文本</div>
              <i class="van-icon van-icon-arrow van-cell__right-icon"></i>
            </div>
            <div class="van-cell van-cell--clickable van-cell--center" noallow role="button" tabindex="0">
              <div class="van-cell__title" vusion-slot-name="title" vusion-slot-name-edit="title">文本</div>
              <i class="van-icon van-icon-arrow van-cell__right-icon"></i>
            </div>
          </div>
          <div>
            <div>
              <div class="van-index-anchor">W</div>
            </div>
            <div class="van-cell van-cell--clickable van-cell--center" noallow role="button" tabindex="0">
              <div class="van-cell__title" vusion-slot-name="title" vusion-slot-name-edit="title">文本</div>
              <i class="van-icon van-icon-arrow van-cell__right-icon"></i>
            </div>
            <div class="van-cell van-cell--clickable van-cell--center" noallow role="button" tabindex="0">
              <div class="van-cell__title" vusion-slot-name="title" vusion-slot-name-edit="title">文本</div>
              <i class="van-icon van-icon-arrow van-cell__right-icon"></i>
            </div>
            <div class="van-cell van-cell--clickable van-cell--center" noallow role="button" tabindex="0">
              <div class="van-cell__title" vusion-slot-name="title" vusion-slot-name-edit="title">文本</div>
              <i class="van-icon van-icon-arrow van-cell__right-icon"></i>
            </div>
          </div>
          <div>
            <div>
              <div class="van-index-anchor">X</div>
            </div>
            <div class="van-cell van-cell--clickable van-cell--center" noallow role="button" tabindex="0">
              <div class="van-cell__title" vusion-slot-name="title" vusion-slot-name-edit="title">文本</div>
              <i class="van-icon van-icon-arrow van-cell__right-icon"></i>
            </div>
            <div class="van-cell van-cell--clickable van-cell--center" noallow role="button" tabindex="0">
              <div class="van-cell__title" vusion-slot-name="title" vusion-slot-name-edit="title">文本</div>
              <i class="van-icon van-icon-arrow van-cell__right-icon"></i>
            </div>
            <div class="van-cell van-cell--clickable van-cell--center" noallow role="button" tabindex="0">
              <div class="van-cell__title" vusion-slot-name="title" vusion-slot-name-edit="title">文本</div>
              <i class="van-icon van-icon-arrow van-cell__right-icon"></i>
            </div>
          </div>
          <div>
            <div>
              <div class="van-index-anchor">Y</div>
            </div>
            <div class="van-cell van-cell--clickable van-cell--center" noallow role="button" tabindex="0">
              <div class="van-cell__title" vusion-slot-name="title" vusion-slot-name-edit="title">文本</div>
              <i class="van-icon van-icon-arrow van-cell__right-icon"></i>
            </div>
            <div class="van-cell van-cell--clickable van-cell--center" noallow role="button" tabindex="0">
              <div class="van-cell__title" vusion-slot-name="title" vusion-slot-name-edit="title">文本</div>
              <i class="van-icon van-icon-arrow van-cell__right-icon"></i>
            </div>
            <div class="van-cell van-cell--clickable van-cell--center" noallow role="button" tabindex="0">
              <div class="van-cell__title" vusion-slot-name="title" vusion-slot-name-edit="title">文本</div>
              <i class="van-icon van-icon-arrow van-cell__right-icon"></i>
            </div>
          </div>
          <div>
            <div>
              <div class="van-index-anchor">Z</div>
            </div>
            <div class="van-cell van-cell--clickable van-cell--center" noallow role="button" tabindex="0">
              <div class="van-cell__title" vusion-slot-name="title" vusion-slot-name-edit="title">文本</div>
              <i class="van-icon van-icon-arrow van-cell__right-icon"></i>
            </div>
            <div class="van-cell van-cell--clickable van-cell--center" noallow role="button" tabindex="0">
              <div class="van-cell__title" vusion-slot-name="title" vusion-slot-name-edit="title">文本</div>
              <i class="van-icon van-icon-arrow van-cell__right-icon"></i>
            </div>
            <div class="van-cell van-cell--clickable van-cell--center" noallow role="button" tabindex="0">
              <div class="van-cell__title" vusion-slot-name="title" vusion-slot-name-edit="title">文本</div>
              <i class="van-icon van-icon-arrow van-cell__right-icon"></i>
            </div>
          </div>
        </div>
      </div>
      <div class="van-tab__pane" role="tabpanel" style="display: none;" vusion-slot-name="default"></div>
    </div>
  </div>
</div>
`;
