// Jest Snapshot v1, https://goo.gl/fbAQLP

exports[`renders demo correctly 1`] = `
<div>
  <div>
    <div noallow="" role="button" tabindex="0" class="van-cell van-cell--clickable van-cell--center">
      <div vusion-slot-name="title" vusion-slot-name-edit="title" class="van-cell__title">组件调用</div>
      <van-icon name="arrow" class="van-cell__right-icon"></van-icon>
    </div>
    <!---->
  </div>
</div>
`;
