// Jest Snapshot v1, https://goo.gl/fbAQLP

exports[`renders demo correctly 1`] = `
<div>
  <div>
    <div>0</div>
    <div class="van-steps van-steps--vertical">
      <div child-cut-disabled="true" class="van-steps__items">
        <div class="van-hairline van-step van-step--vertical van-step--process">
          <div class="van-step__title van-step__title--active" vusion-slot-name="default">步骤1</div>
          <div class="van-step__circle-container">
            <i class="van-iconv van-step__icon van-step__icon--active">
              <svg aria-hidden="true" class="vant-iconv-svg van-shoud-pa">
                <use class="van-shoud-pa" xlink:href="#h5-steps-process" />
              </svg>
            </i>
          </div>
          <div class="van-step__line"></div>
        </div>
        <div class="van-hairline van-step van-step--vertical van-step--wait">
          <div class="van-step__title" vusion-slot-name="default">步骤2</div>
          <div class="van-step__circle-container">
            <i class="van-iconv van-step__icon">
              <svg aria-hidden="true" class="vant-iconv-svg van-shoud-pa">
                <use class="van-shoud-pa" xlink:href="#h5-steps-wait" />
              </svg>
            </i>
          </div>
          <div class="van-step__line"></div>
        </div>
        <div class="van-hairline van-step van-step--vertical van-step--disabled van-step--finish">
          <div class="van-step__title" vusion-slot-name="default">步骤3</div>
          <div class="van-step__circle-container">
            <i class="van-iconv van-step__icon van-step__icon--finish">
              <svg aria-hidden="true" class="vant-iconv-svg van-shoud-pa">
                <use class="van-shoud-pa" xlink:href="#h5-steps-finish" />
              </svg>
            </i>
          </div>
          <div class="van-step__line"></div>
        </div>
        <div class="van-hairline van-step van-step--vertical van-step--error">
          <div class="van-step__title" vusion-slot-name="default">步骤41111111111顶顶顶顶顶顶顶顶顶顶顶顶顶顶顶顶顶顶顶顶顶顶顶顶顶顶顶顶顶顶顶顶顶顶顶顶</div>
          <div class="van-step__circle-container">
            <i class="van-iconv van-step__icon van-step__icon--error">
              <svg aria-hidden="true" class="vant-iconv-svg van-shoud-pa">
                <use class="van-shoud-pa" xlink:href="#h5-steps-error" />
              </svg>
            </i>
          </div>
          <div class="van-step__line"></div>
        </div>
        <div class="van-hairline van-step van-step--vertical van-step--finish">
          <div class="van-step__title" vusion-slot-name="default">步骤5</div>
          <div class="van-step__circle-container">
            <i class="van-iconv van-step__icon van-step__icon--finish">
              <svg aria-hidden="true" class="vant-iconv-svg van-shoud-pa">
                <use class="van-shoud-pa" xlink:href="#h5-steps-finish" />
              </svg>
            </i>
          </div>
          <div class="van-step__line"></div>
        </div>
        <div class="van-hairline van-step van-step--vertical van-step--wait">
          <div class="van-step__title" vusion-slot-name="default">步骤6</div>
          <div class="van-step__circle-container">
            <i class="van-iconv van-step__icon">
              <svg aria-hidden="true" class="vant-iconv-svg van-shoud-pa">
                <use class="van-shoud-pa" xlink:href="#h5-steps-wait" />
              </svg>
            </i>
          </div>
          <div class="van-step__line"></div>
        </div>
        <div class="van-hairline van-step van-step--vertical van-step--wait">
          <div class="van-step__title" vusion-slot-name="default">步骤7</div>
          <div class="van-step__circle-container">
            <i class="van-iconv van-step__icon">
              <svg aria-hidden="true" class="vant-iconv-svg van-shoud-pa">
                <use class="van-shoud-pa" xlink:href="#h5-steps-wait" />
              </svg>
            </i>
          </div>
          <div class="van-step__line"></div>
        </div>
      </div>
    </div>
    <div class="van-steps van-steps--horizontal">
      <div class="van-steps__items">
        <div class="van-hairline van-step van-step--horizontal van-step--process">
          <div class="van-step__title van-step__title--active" vusion-slot-name="default">sadsdfsadsafdasafasd阿斯顿发生发顺丰阿斯顿发送到发的是分身乏术的阿斯顿夫妇撒地方水电费水电费是大丰收打发分身乏术地方</div>
          <div class="van-step__circle-container">
            <i class="van-iconv van-step__icon van-step__icon--active">
              <svg aria-hidden="true" class="vant-iconv-svg van-shoud-pa">
                <use class="van-shoud-pa" xlink:href="#h5-steps-process" />
              </svg>
            </i>
          </div>
          <div class="van-step__line"></div>
        </div>
        <div class="van-hairline van-step van-step--horizontal van-step--wait">
          <div class="van-step__title" vusion-slot-name="default">2</div>
          <div class="van-step__circle-container">
            <i class="van-iconv van-step__icon van-step__icon--wait">
              <svg aria-hidden="true" class="vant-iconv-svg van-shoud-pa">
                <use class="van-shoud-pa" xlink:href="#h5-sure" />
              </svg>
            </i>
          </div>
          <div class="van-step__line"></div>
        </div>
        <div class="van-hairline van-step van-step--horizontal van-step--wait">
          <div class="van-step__title" vusion-slot-name="default">3</div>
          <div class="van-step__circle-container">
            <i class="van-iconv van-step__icon">
              <svg aria-hidden="true" class="vant-iconv-svg van-shoud-pa">
                <use class="van-shoud-pa" xlink:href="#h5-steps-wait" />
              </svg>
            </i>
          </div>
          <div class="van-step__line"></div>
        </div>
      </div>
    </div>
    <div class="van-steps van-steps--vertical">
      <div class="van-steps__items">
        <div class="van-hairline van-step van-step--vertical van-step--process">
          <div class="van-step__title van-step__title--active" vusion-slot-name="default">sadsdfsadsafdasafasd阿斯顿发生发顺丰阿斯顿发送到发的是分身乏术的阿斯顿夫妇撒地方水电费水电费是大丰收打发分身乏术地方</div>
          <div class="van-step__circle-container">
            <i class="van-iconv van-step__icon van-step__icon--active">
              <svg aria-hidden="true" class="vant-iconv-svg van-shoud-pa">
                <use class="van-shoud-pa" xlink:href="#h5-steps-process" />
              </svg>
            </i>
          </div>
          <div class="van-step__line"></div>
        </div>
        <div class="van-hairline van-step van-step--vertical van-step--wait">
          <div class="van-step__title" vusion-slot-name="default">2</div>
          <div class="van-step__circle-container">
            <i class="van-iconv van-step__icon van-step__icon--wait">
              <svg aria-hidden="true" class="vant-iconv-svg van-shoud-pa">
                <use class="van-shoud-pa" xlink:href="#h5-sure" />
              </svg>
            </i>
          </div>
          <div class="van-step__line"></div>
        </div>
        <div class="van-hairline van-step van-step--vertical van-step--wait">
          <div class="van-step__title" vusion-slot-name="default">3</div>
          <div class="van-step__circle-container">
            <i class="van-iconv van-step__icon">
              <svg aria-hidden="true" class="vant-iconv-svg van-shoud-pa">
                <use class="van-shoud-pa" xlink:href="#h5-steps-wait" />
              </svg>
            </i>
          </div>
          <div class="van-step__line"></div>
        </div>
      </div>
    </div>
  </div>
</div>
`;
