// Jest Snapshot v1, https://goo.gl/fbAQLP

exports[`renders demo correctly 1`] = `
<div>
  <div>
    <div class="van-checkbox-group van-checkbox-group--horizontal">
      <div role="checkbox" tabindex="0" aria-checked="false" class="van-checkbox van-checkbox--horizontal">
        <div class="van-checkbox__icon van-checkbox__icon--round">
          <!---->
        </div><span vusion-slot-name="default" class="van-checkbox__label">选框1</span>
      </div>
      <div role="checkbox" tabindex="0" aria-checked="false" class="van-checkbox van-checkbox--horizontal">
        <div class="van-checkbox__icon van-checkbox__icon--round">
          <!---->
        </div><span vusion-slot-name="default" class="van-checkbox__label">选框2</span>
      </div>
      <div role="checkbox" tabindex="0" aria-checked="false" class="van-checkbox van-checkbox--horizontal">
        <div class="van-checkbox__icon van-checkbox__icon--round">
          <!---->
        </div><span vusion-slot-name="default" class="van-checkbox__label">选框3</span>
      </div>
    </div>
  </div>
  <div>
    <div class="van-checkbox-group van-checkbox-group--horizontal">
      <div role="checkbox" tabindex="0" aria-checked="false" class="van-checkbox van-checkbox--horizontal">
        <div class="van-checkbox__icon van-checkbox__icon--round">
          <!---->
        </div><span vusion-slot-name="default" class="van-checkbox__label">选框1</span>
      </div>
      <div role="checkbox" tabindex="0" aria-checked="false" class="van-checkbox van-checkbox--horizontal">
        <div class="van-checkbox__icon van-checkbox__icon--round">
          <!---->
        </div><span vusion-slot-name="default" class="van-checkbox__label">选框2</span>
      </div>
      <div role="checkbox" tabindex="0" aria-checked="false" class="van-checkbox van-checkbox--horizontal">
        <div class="van-checkbox__icon van-checkbox__icon--round">
          <!---->
        </div><span vusion-slot-name="default" class="van-checkbox__label">选框3</span>
      </div>
    </div>
  </div>
  <div>
    <div class="van-checkbox-group van-checkbox-group--horizontal">
      <div style="position: relative; width: auto;">
        <div role="checkbox" tabindex="0" aria-checked="false" class="van-checkbox van-checkbox--horizontal">
          <div class="van-checkbox__icon van-checkbox__icon--round">
            <!---->
          </div><span vusion-slot-name="default" class="van-checkbox__label">选项1</span>
        </div>
      </div>
      <div style="position: relative; width: auto;">
        <div role="checkbox" tabindex="0" aria-checked="false" class="van-checkbox van-checkbox--horizontal">
          <div class="van-checkbox__icon van-checkbox__icon--round">
            <!---->
          </div><span vusion-slot-name="default" class="van-checkbox__label">选项2</span>
        </div>
      </div>
      <div style="position: relative; width: auto;">
        <div role="checkbox" tabindex="0" aria-checked="false" class="van-checkbox van-checkbox--horizontal">
          <div class="van-checkbox__icon van-checkbox__icon--round">
            <!---->
          </div><span vusion-slot-name="default" class="van-checkbox__label">选项3</span>
        </div>
      </div>
    </div>
  </div>
  <div>
    <div class="van-checkbox-group van-checkbox-group--horizontal">
      <div style="position: relative; width: auto;">
        <div role="checkbox" tabindex="0" aria-checked="false" class="van-checkbox van-checkbox--horizontal">
          <div class="van-checkbox__icon van-checkbox__icon--round">
            <!---->
          </div><span vusion-slot-name="default" class="van-checkbox__label">选项0</span>
        </div>
      </div>
      <div style="position: relative; width: auto;">
        <div role="checkbox" tabindex="0" aria-checked="false" class="van-checkbox van-checkbox--horizontal">
          <div class="van-checkbox__icon van-checkbox__icon--round">
            <!---->
          </div><span vusion-slot-name="default" class="van-checkbox__label">选项1</span>
        </div>
      </div>
      <div style="position: relative; width: auto;">
        <div role="checkbox" tabindex="0" aria-checked="false" class="van-checkbox van-checkbox--horizontal">
          <div class="van-checkbox__icon van-checkbox__icon--round">
            <!---->
          </div><span vusion-slot-name="default" class="van-checkbox__label">选项2</span>
        </div>
      </div>
    </div>
  </div>
  <div>
    <div class="van-checkbox-group van-checkbox-group--horizontal">
      <div style="position: relative; width: auto;">
        <div role="checkbox" tabindex="0" aria-checked="false" class="van-checkbox van-checkbox--horizontal">
          <div class="van-checkbox__icon van-checkbox__icon--round">
            <!---->
          </div><span vusion-slot-name="default" class="van-checkbox__label">选项1</span>
        </div>
      </div>
      <div style="position: relative; width: auto;">
        <div role="checkbox" tabindex="0" aria-checked="false" class="van-checkbox van-checkbox--horizontal">
          <div class="van-checkbox__icon van-checkbox__icon--round">
            <!---->
          </div><span vusion-slot-name="default" class="van-checkbox__label">选项2</span>
        </div>
      </div>
      <div style="position: relative; width: auto;">
        <div role="checkbox" tabindex="0" aria-checked="false" class="van-checkbox van-checkbox--horizontal">
          <div class="van-checkbox__icon van-checkbox__icon--round">
            <!---->
          </div><span vusion-slot-name="default" class="van-checkbox__label">选项3</span>
        </div>
      </div>
    </div>
  </div>
  <div>
    <div class="van-checkbox-group van-checkbox-group--horizontal">
      <div style="position: relative; width: auto;">
        <div role="checkbox" tabindex="0" aria-checked="false" class="van-checkbox van-checkbox--horizontal">
          <div class="van-checkbox__icon van-checkbox__icon--round">
            <!---->
          </div><span vusion-slot-name="default" class="van-checkbox__label">选项1</span>
        </div>
      </div>
      <div style="position: relative; width: auto;">
        <div role="checkbox" tabindex="0" aria-checked="false" class="van-checkbox van-checkbox--horizontal">
          <div class="van-checkbox__icon van-checkbox__icon--round">
            <!---->
          </div><span vusion-slot-name="default" class="van-checkbox__label">选项2</span>
        </div>
      </div>
      <div style="position: relative; width: auto;">
        <div role="checkbox" tabindex="0" aria-checked="false" class="van-checkbox van-checkbox--horizontal">
          <div class="van-checkbox__icon van-checkbox__icon--round">
            <!---->
          </div><span vusion-slot-name="default" class="van-checkbox__label">选项3</span>
        </div>
      </div>
      <div role="checkbox" tabindex="0" aria-checked="false" class="van-checkbox van-checkbox--horizontal">
        <div class="van-checkbox__icon van-checkbox__icon--round">
          <!---->
        </div><span vusion-slot-name="default" class="van-checkbox__label">静态框4</span>
      </div>
      <div role="checkbox" tabindex="0" aria-checked="false" class="van-checkbox van-checkbox--horizontal">
        <div class="van-checkbox__icon van-checkbox__icon--round">
          <!---->
        </div><span vusion-slot-name="default" class="van-checkbox__label">静态框5</span>
      </div>
    </div>
  </div>
  <div>
    <div class="van-checkbox-group van-checkbox-group--horizontal">
      <div style="position: relative; width: auto;">
        <div role="checkbox" tabindex="0" aria-checked="false" class="van-checkbox van-checkbox--horizontal">
          <div class="van-checkbox__icon van-checkbox__icon--round">
            <!---->
          </div><span vusion-slot-name="default" class="van-checkbox__label">选项1</span>
        </div>
      </div>
      <div style="position: relative; width: auto;">
        <div role="checkbox" tabindex="0" aria-checked="false" class="van-checkbox van-checkbox--horizontal">
          <div class="van-checkbox__icon van-checkbox__icon--round">
            <!---->
          </div><span vusion-slot-name="default" class="van-checkbox__label">选项2</span>
        </div>
      </div>
      <div style="position: relative; width: auto;">
        <div role="checkbox" tabindex="0" aria-checked="false" class="van-checkbox van-checkbox--horizontal">
          <div class="van-checkbox__icon van-checkbox__icon--round">
            <!---->
          </div><span vusion-slot-name="default" class="van-checkbox__label">选项3</span>
        </div>
      </div>
    </div>
  </div>
</div>
`;
