// Jest Snapshot v1, https://goo.gl/fbAQLP

exports[`renders demo correctly 1`] = `
<div>
  <div>
    <div>ipRangeLength: <van-stepper-new value="4"></van-stepper-new>
    </div>
    <van-form>
      <van-field required="" drole="other" rules="[object Object]"></van-field>
      <van-field name="radio" drole="other" rules="[object Object]" required="true"></van-field>
      <van-field name="checkbox" drole="other" rules="[object Object]" required="true"></van-field>
      <div style="margin: 16px 16px 0px;">
        <van-button round="" block="blockb" type="info" native-type="submit" text="提交"></van-button>
      </div>
    </van-form>
  </div>
</div>
`;
