// Jest Snapshot v1, https://goo.gl/fbAQLP

exports[`renders demo correctly 1`] = `
<div>
  <div>
    <van-empty description="描述文字"></van-empty>
  </div>
  <div>
    <van-tabs>
      <van-tab name="error" title="通用错误">
        <van-empty image="error" description="描述文字"></van-empty>
      </van-tab>
      <van-tab name="network" title="网络错误">
        <van-empty image="network" description="描述文字"></van-empty>
      </van-tab>
      <van-tab name="search" title="搜索提示">
        <van-empty image="search" description="描述文字"></van-empty>
      </van-tab>
    </van-tabs>
  </div>
  <div>
    <van-empty image="https://img01.yzcdn.cn/vant/custom-empty-image.png" description="描述文字" class="custom-image"></van-empty>
  </div>
  <div>
    <van-empty description="描述文字">
      <van-button round="" type="danger" class="bottom-button">
        按钮
      </van-button>
    </van-empty>
  </div>
</div>
`;
