// Jest Snapshot v1, https://goo.gl/fbAQLP

exports[`renders demo correctly 1`] = `
<div>
  <div>
    <van-submit-bar price="3050" button-text="提交订单"></van-submit-bar>
  </div>
  <div>
    <van-submit-bar disabled="" price="3050" button-text="提交订单" tip="你的收货地址不支持同城送, 我们已为你推荐快递" tip-icon="info-o"></van-submit-bar>
  </div>
  <div>
    <van-submit-bar loading="" price="3050" button-text="提交订单"></van-submit-bar>
  </div>
  <div>
    <van-submit-bar price="3050" button-text="提交订单">
      <van-checkbox>全选</van-checkbox>
    </van-submit-bar>
  </div>
</div>
`;
