// Jest Snapshot v1, https://goo.gl/fbAQLP

exports[`renders demo correctly 1`] = `
<div>
  <van-tabs>
    <van-tab title="基础用法">
      <van-list finished-text="没有更多了"></van-list>
    </van-tab>
    <van-tab title="错误提示">
      <van-list error-text="请求失败，点击重新加载"></van-list>
    </van-tab>
    <van-tab title="下拉刷新">
      <van-pull-refresh>
        <van-list finished-text="没有更多了"></van-list>
      </van-pull-refresh>
    </van-tab>
  </van-tabs>
</div>
`;
