// Jest Snapshot v1, https://goo.gl/fbAQLP

exports[`renders demo correctly 1`] = `
<div>
  <div>
    <div class="van-row van-row--flex">
      <div class="van-image" style="width: 100px; height: 100px;"><img src="https://img01.yzcdn.cn/vant/cat.jpeg" class="van-image__img">
        <div class="van-image__loading">
          <!---->
        </div>
      </div>
    </div>
  </div>
  <div>
    <div class="van-row van-row--flex">
      <div vusion-slot-name="default" allowchild="true" class="u-code-example_demo_ van-col van-col--8" style="padding-right: 13.333333333333334px;">
        <div class="van-image" style="width: 100%; height: 27vw;"><img src="https://img01.yzcdn.cn/vant/cat.jpeg" class="van-image__img" style="object-fit: fill;">
          <div class="van-image__loading">
            <!---->
          </div>
        </div>
        <div class="text">fill</div>
      </div>
      <div vusion-slot-name="default" allowchild="true" class="u-code-example_demo_ van-col van-col--8" style="padding-left: 6.666666666666666px; padding-right: 6.666666666666668px;">
        <div class="van-image" style="width: 100%; height: 27vw;"><img src="https://img01.yzcdn.cn/vant/cat.jpeg" class="van-image__img" style="object-fit: contain;">
          <div class="van-image__loading">
            <!---->
          </div>
        </div>
        <div class="text">contain</div>
      </div>
      <div vusion-slot-name="default" allowchild="true" class="u-code-example_demo_ van-col van-col--8" style="padding-left: 13.333333333333332px;">
        <div class="van-image" style="width: 100%; height: 27vw;"><img src="https://img01.yzcdn.cn/vant/cat.jpeg" class="van-image__img" style="object-fit: cover;">
          <div class="van-image__loading">
            <!---->
          </div>
        </div>
        <div class="text">cover</div>
      </div>
      <div vusion-slot-name="default" allowchild="true" class="u-code-example_demo_ van-col van-col--8" style="padding-right: 10px;">
        <div class="van-image" style="width: 100%; height: 27vw;"><img src="https://img01.yzcdn.cn/vant/cat.jpeg" class="van-image__img" style="object-fit: none;">
          <div class="van-image__loading">
            <!---->
          </div>
        </div>
        <div class="text">none</div>
      </div>
      <div vusion-slot-name="default" allowchild="true" class="u-code-example_demo_ van-col van-col--8" style="padding-left: 10px;">
        <div class="van-image" style="width: 100%; height: 27vw;"><img src="https://img01.yzcdn.cn/vant/cat.jpeg" class="van-image__img" style="object-fit: scale-down;">
          <div class="van-image__loading">
            <!---->
          </div>
        </div>
        <div class="text">scale-down</div>
      </div>
    </div>
  </div>
  <div>
    <div class="van-row van-row--flex">
      <div vusion-slot-name="default" allowchild="true" class="van-col van-col--8" style="padding-right: 13.333333333333334px;">
        <div class="van-image van-image--round" style="width: 100%; height: 27vw;"><img src="https://img01.yzcdn.cn/vant/cat.jpeg" class="van-image__img" style="object-fit: fill;">
          <div class="van-image__loading">
            <!---->
          </div>
        </div>
        <div class="text">fill</div>
      </div>
      <div vusion-slot-name="default" allowchild="true" class="van-col van-col--8" style="padding-left: 6.666666666666666px; padding-right: 6.666666666666668px;">
        <div class="van-image van-image--round" style="width: 100%; height: 27vw;"><img src="https://img01.yzcdn.cn/vant/cat.jpeg" class="van-image__img" style="object-fit: contain;">
          <div class="van-image__loading">
            <!---->
          </div>
        </div>
        <div class="text">contain</div>
      </div>
      <div vusion-slot-name="default" allowchild="true" class="van-col van-col--8" style="padding-left: 13.333333333333332px;">
        <div class="van-image van-image--round" style="width: 100%; height: 27vw;"><img src="https://img01.yzcdn.cn/vant/cat.jpeg" class="van-image__img" style="object-fit: cover;">
          <div class="van-image__loading">
            <!---->
          </div>
        </div>
        <div class="text">cover</div>
      </div>
      <div vusion-slot-name="default" allowchild="true" class="van-col van-col--8" style="padding-right: 10px;">
        <div class="van-image van-image--round" style="width: 100%; height: 27vw;"><img src="https://img01.yzcdn.cn/vant/cat.jpeg" class="van-image__img" style="object-fit: none;">
          <div class="van-image__loading">
            <!---->
          </div>
        </div>
        <div class="text">none</div>
      </div>
      <div vusion-slot-name="default" allowchild="true" class="van-col van-col--8" style="padding-left: 10px;">
        <div class="van-image van-image--round" style="width: 100%; height: 27vw;"><img src="https://img01.yzcdn.cn/vant/cat.jpeg" class="van-image__img" style="object-fit: scale-down;">
          <div class="van-image__loading">
            <!---->
          </div>
        </div>
        <div class="text">scale-down</div>
      </div>
    </div>
  </div>
  <div>
    <div class="van-row van-row--flex">
      <div vusion-slot-name="default" allowchild="true" class="van-col van-col--8" style="padding-right: 10px;">
        <!---->
        <div class="text">默认提示</div>
      </div>
      <div vusion-slot-name="default" allowchild="true" class="van-col van-col--8" style="padding-left: 10px;">
        <!---->
        <div class="text">自定义提示</div>
      </div>
    </div>
  </div>
  <div>
    <div class="van-row van-row--flex">
      <div vusion-slot-name="default" allowchild="true" class="van-col van-col--8" style="padding-right: 10px;">
        <div class="van-image" style="width: 100%; height: 27vw;"><img src="x" class="van-image__img">
          <div class="van-image__loading">
            <!---->
          </div>
        </div>
        <div class="text">默认提示</div>
      </div>
      <div vusion-slot-name="default" allowchild="true" class="van-col van-col--8" style="padding-left: 10px;">
        <div class="van-image" style="width: 100%; height: 27vw;"><img src="x" class="van-image__img">
          <div class="van-image__loading">
            <!---->
          </div>
        </div>
        <div class="text">自定义提示</div>
      </div>
    </div>
  </div>
</div>
`;
