// Jest Snapshot v1, https://goo.gl/fbAQLP

exports[`renders demo correctly 1`] = `
<div>
  <div>
    <div class="u-code-example_demo_ van-divider van-divider--hairline van-divider--content-center" role="separator">
      <span vusion-slot-name-edit="title">waga77</span>
    </div>
  </div>
  <div>
    <div class="u-code-example_demo_ van-divider van-divider--dashed van-divider--hairline" role="separator"></div>
  </div>
  <div>
    <div class="u-code-example_demo_ van-divider van-divider--hairline van-divider--content-center" role="separator">
      文本
    </div>
  </div>
  <div>
    <div class="van-divider van-divider--hairline van-divider--content-left" role="separator">
      文本
    </div>
    <div class="van-divider van-divider--hairline van-divider--content-right" role="separator">
      文本
    </div>
  </div>
  <div>
    <div class="van-divider van-divider--dashed van-divider--content-center" role="separator">
      <span vusion-slot-name-edit="title">waga</span>
    </div>
  </div>
  <div>
    <div class="van-divider van-divider--hairline van-divider--content-center" role="separator" style="border-color: #1989fa; color: rgb(25, 137, 250); padding: 0px 16px;">
      文本
    </div>
  </div>
</div>
`;
