// Jest Snapshot v1, https://goo.gl/fbAQLP

exports[`renders demo correctly 1`] = `
<div>
  <div>
    <div class="van-cellson van-cellson--center van-field" noallow>
      <div class="van-cellson__title van-field__label" vusion-slot-name="title">
        <span>地区</span>
      </div>
      <div class="van-cellson__value van-field__value">
        <div class="van-field__body">
          <input class="van-field__control" placeholder="请选择所在地区" readonly="readonly" type="text">
        </div>
      </div>
    </div>
  </div>
  <div>
    <div class="van-cellson van-cellson--center van-field" noallow>
      <div class="van-cellson__title van-field__label" vusion-slot-name="title">
        <span>地区</span>
      </div>
      <div class="van-cellson__value van-field__value">
        <div class="van-field__body">
          <input class="van-field__control" placeholder="请选择所在地区" readonly="readonly" type="text">
        </div>
      </div>
    </div>
  </div>
  <div>
    <div class="van-cellson van-cellson--center van-field" noallow>
      <div class="van-cellson__title van-field__label" vusion-slot-name="title">
        <span>地区</span>
      </div>
      <div class="van-cellson__value van-field__value">
        <div class="van-field__body">
          <input class="van-field__control" placeholder="请选择所在地区" readonly="readonly" type="text">
        </div>
      </div>
    </div>
  </div>
  <div>
    <div class="van-cellson van-cellson--center van-field" noallow>
      <div class="van-cellson__title van-field__label" vusion-slot-name="title">
        <span>地区</span>
      </div>
      <div class="van-cellson__value van-field__value">
        <div class="van-field__body">
          <input class="van-field__control" placeholder="请选择所在地区" readonly="readonly" type="text">
        </div>
      </div>
    </div>
  </div>
  <div>
    <div class="van-cellson van-cellson--center van-field" noallow>
      <div class="van-cellson__title van-field__label" vusion-slot-name="title">
        <span>地区</span>
      </div>
      <div class="van-cellson__value van-field__value">
        <div class="van-field__body">
          <input class="van-field__control" placeholder="请选择所在地区" readonly="readonly" type="text">
        </div>
      </div>
    </div>
  </div>
</div>
`;
